------------------------------------------------------------
TimeQuest Timing Analyzer Summary
------------------------------------------------------------

Type  : Slow 1100mV 85C Model Setup 'clk'
Slack : -13.599
TNS   : -15682.542

Type  : Slow 1100mV 85C Model Setup 'cpuClock'
Slack : -12.113
TNS   : -4243.769

Type  : Slow 1100mV 85C Model Setup 'serialClkCount[15]'
Slack : -10.975
TNS   : -353.251

Type  : Slow 1100mV 85C Model Setup 'T80s:cpu1|IORQ_n'
Slack : -8.430
TNS   : -563.301

Type  : Slow 1100mV 85C Model Setup 'sdClock'
Slack : -6.836
TNS   : -692.437

Type  : Slow 1100mV 85C Model Hold 'cpuClock'
Slack : -5.522
TNS   : -69.659

Type  : Slow 1100mV 85C Model Hold 'clk'
Slack : -4.648
TNS   : -10.205

Type  : Slow 1100mV 85C Model Hold 'T80s:cpu1|IORQ_n'
Slack : -2.044
TNS   : -28.655

Type  : Slow 1100mV 85C Model Hold 'serialClkCount[15]'
Slack : -0.205
TNS   : -0.450

Type  : Slow 1100mV 85C Model Hold 'sdClock'
Slack : -0.082
TNS   : -0.082

Type  : Slow 1100mV 85C Model Recovery 'serialClkCount[15]'
Slack : -10.200
TNS   : -262.771

Type  : Slow 1100mV 85C Model Recovery 'sdClock'
Slack : -2.398
TNS   : -21.485

Type  : Slow 1100mV 85C Model Recovery 'T80s:cpu1|IORQ_n'
Slack : 0.689
TNS   : 0.000

Type  : Slow 1100mV 85C Model Removal 'T80s:cpu1|IORQ_n'
Slack : -2.227
TNS   : -4.448

Type  : Slow 1100mV 85C Model Removal 'serialClkCount[15]'
Slack : -0.196
TNS   : -1.286

Type  : Slow 1100mV 85C Model Removal 'sdClock'
Slack : 1.359
TNS   : 0.000

Type  : Slow 1100mV 85C Model Minimum Pulse Width 'cpuClock'
Slack : -4.555
TNS   : -732.739

Type  : Slow 1100mV 85C Model Minimum Pulse Width 'clk'
Slack : -3.166
TNS   : -11780.855

Type  : Slow 1100mV 85C Model Minimum Pulse Width 'T80s:cpu1|IORQ_n'
Slack : -3.166
TNS   : -169.569

Type  : Slow 1100mV 85C Model Minimum Pulse Width 'serialClkCount[15]'
Slack : -3.166
TNS   : -136.127

Type  : Slow 1100mV 85C Model Minimum Pulse Width 'sdClock'
Slack : -0.724
TNS   : -173.099

Type  : Slow 1100mV 0C Model Setup 'clk'
Slack : -13.604
TNS   : -14829.495

Type  : Slow 1100mV 0C Model Setup 'cpuClock'
Slack : -12.160
TNS   : -4210.028

Type  : Slow 1100mV 0C Model Setup 'serialClkCount[15]'
Slack : -10.719
TNS   : -342.105

Type  : Slow 1100mV 0C Model Setup 'T80s:cpu1|IORQ_n'
Slack : -8.479
TNS   : -564.195

Type  : Slow 1100mV 0C Model Setup 'sdClock'
Slack : -6.715
TNS   : -668.775

Type  : Slow 1100mV 0C Model Hold 'cpuClock'
Slack : -5.372
TNS   : -68.736

Type  : Slow 1100mV 0C Model Hold 'clk'
Slack : -4.459
TNS   : -10.199

Type  : Slow 1100mV 0C Model Hold 'T80s:cpu1|IORQ_n'
Slack : -1.946
TNS   : -24.039

Type  : Slow 1100mV 0C Model Hold 'serialClkCount[15]'
Slack : -0.068
TNS   : -0.144

Type  : Slow 1100mV 0C Model Hold 'sdClock'
Slack : -0.012
TNS   : -0.012

Type  : Slow 1100mV 0C Model Recovery 'serialClkCount[15]'
Slack : -9.923
TNS   : -256.025

Type  : Slow 1100mV 0C Model Recovery 'sdClock'
Slack : -2.351
TNS   : -21.065

Type  : Slow 1100mV 0C Model Recovery 'T80s:cpu1|IORQ_n'
Slack : 0.588
TNS   : 0.000

Type  : Slow 1100mV 0C Model Removal 'T80s:cpu1|IORQ_n'
Slack : -2.014
TNS   : -4.021

Type  : Slow 1100mV 0C Model Removal 'serialClkCount[15]'
Slack : -0.294
TNS   : -2.682

Type  : Slow 1100mV 0C Model Removal 'sdClock'
Slack : 1.334
TNS   : 0.000

Type  : Slow 1100mV 0C Model Minimum Pulse Width 'cpuClock'
Slack : -4.555
TNS   : -721.905

Type  : Slow 1100mV 0C Model Minimum Pulse Width 'clk'
Slack : -3.166
TNS   : -11776.632

Type  : Slow 1100mV 0C Model Minimum Pulse Width 'T80s:cpu1|IORQ_n'
Slack : -3.166
TNS   : -170.968

Type  : Slow 1100mV 0C Model Minimum Pulse Width 'serialClkCount[15]'
Slack : -3.166
TNS   : -136.694

Type  : Slow 1100mV 0C Model Minimum Pulse Width 'sdClock'
Slack : -0.724
TNS   : -170.835

Type  : Fast 1100mV 85C Model Setup 'clk'
Slack : -5.888
TNS   : -5776.053

Type  : Fast 1100mV 85C Model Setup 'cpuClock'
Slack : -5.239
TNS   : -1779.492

Type  : Fast 1100mV 85C Model Setup 'serialClkCount[15]'
Slack : -4.701
TNS   : -136.591

Type  : Fast 1100mV 85C Model Setup 'T80s:cpu1|IORQ_n'
Slack : -3.620
TNS   : -220.228

Type  : Fast 1100mV 85C Model Setup 'sdClock'
Slack : -3.039
TNS   : -266.971

Type  : Fast 1100mV 85C Model Hold 'cpuClock'
Slack : -2.741
TNS   : -36.083

Type  : Fast 1100mV 85C Model Hold 'clk'
Slack : -1.959
TNS   : -10.314

Type  : Fast 1100mV 85C Model Hold 'T80s:cpu1|IORQ_n'
Slack : -1.047
TNS   : -11.664

Type  : Fast 1100mV 85C Model Hold 'serialClkCount[15]'
Slack : -0.147
TNS   : -0.572

Type  : Fast 1100mV 85C Model Hold 'sdClock'
Slack : -0.104
TNS   : -0.317

Type  : Fast 1100mV 85C Model Recovery 'serialClkCount[15]'
Slack : -4.192
TNS   : -106.024

Type  : Fast 1100mV 85C Model Recovery 'sdClock'
Slack : -0.522
TNS   : -4.677

Type  : Fast 1100mV 85C Model Recovery 'T80s:cpu1|IORQ_n'
Slack : 0.643
TNS   : 0.000

Type  : Fast 1100mV 85C Model Removal 'T80s:cpu1|IORQ_n'
Slack : -1.100
TNS   : -2.199

Type  : Fast 1100mV 85C Model Removal 'serialClkCount[15]'
Slack : -0.398
TNS   : -6.725

Type  : Fast 1100mV 85C Model Removal 'sdClock'
Slack : 0.511
TNS   : 0.000

Type  : Fast 1100mV 85C Model Minimum Pulse Width 'cpuClock'
Slack : -2.636
TNS   : -133.772

Type  : Fast 1100mV 85C Model Minimum Pulse Width 'clk'
Slack : -2.174
TNS   : -7785.666

Type  : Fast 1100mV 85C Model Minimum Pulse Width 'serialClkCount[15]'
Slack : -2.174
TNS   : -54.070

Type  : Fast 1100mV 85C Model Minimum Pulse Width 'T80s:cpu1|IORQ_n'
Slack : -2.174
TNS   : -47.963

Type  : Fast 1100mV 85C Model Minimum Pulse Width 'sdClock'
Slack : -0.195
TNS   : -5.943

Type  : Fast 1100mV 0C Model Setup 'clk'
Slack : -5.509
TNS   : -5060.679

Type  : Fast 1100mV 0C Model Setup 'cpuClock'
Slack : -4.637
TNS   : -1571.324

Type  : Fast 1100mV 0C Model Setup 'serialClkCount[15]'
Slack : -4.383
TNS   : -127.180

Type  : Fast 1100mV 0C Model Setup 'T80s:cpu1|IORQ_n'
Slack : -3.415
TNS   : -208.118

Type  : Fast 1100mV 0C Model Setup 'sdClock'
Slack : -2.736
TNS   : -235.723

Type  : Fast 1100mV 0C Model Hold 'cpuClock'
Slack : -2.650
TNS   : -35.503

Type  : Fast 1100mV 0C Model Hold 'clk'
Slack : -1.776
TNS   : -24.969

Type  : Fast 1100mV 0C Model Hold 'T80s:cpu1|IORQ_n'
Slack : -0.925
TNS   : -10.177

Type  : Fast 1100mV 0C Model Hold 'serialClkCount[15]'
Slack : -0.137
TNS   : -0.764

Type  : Fast 1100mV 0C Model Hold 'sdClock'
Slack : -0.097
TNS   : -0.313

Type  : Fast 1100mV 0C Model Recovery 'serialClkCount[15]'
Slack : -3.948
TNS   : -100.330

Type  : Fast 1100mV 0C Model Recovery 'sdClock'
Slack : -0.448
TNS   : -4.010

Type  : Fast 1100mV 0C Model Recovery 'T80s:cpu1|IORQ_n'
Slack : 0.567
TNS   : 0.000

Type  : Fast 1100mV 0C Model Removal 'T80s:cpu1|IORQ_n'
Slack : -0.960
TNS   : -1.919

Type  : Fast 1100mV 0C Model Removal 'serialClkCount[15]'
Slack : -0.373
TNS   : -6.511

Type  : Fast 1100mV 0C Model Removal 'sdClock'
Slack : 0.456
TNS   : 0.000

Type  : Fast 1100mV 0C Model Minimum Pulse Width 'cpuClock'
Slack : -2.636
TNS   : -122.005

Type  : Fast 1100mV 0C Model Minimum Pulse Width 'clk'
Slack : -2.174
TNS   : -7956.061

Type  : Fast 1100mV 0C Model Minimum Pulse Width 'serialClkCount[15]'
Slack : -2.174
TNS   : -53.316

Type  : Fast 1100mV 0C Model Minimum Pulse Width 'T80s:cpu1|IORQ_n'
Slack : -2.174
TNS   : -42.852

Type  : Fast 1100mV 0C Model Minimum Pulse Width 'sdClock'
Slack : -0.110
TNS   : -1.678

------------------------------------------------------------
